// Jest Snapshot v1, https://goo.gl/fbAQLP

exports[`HomeView component should match the snapshot 1`] = `
<div class="home"><img alt="Vue logo" src="">
  <h1>Hello World</h1><button class="btn btn-primary">Primary</button>
</div>
`;
